Log file open, 09/27/26 20:51:13
LogInit: Running DelayedAutoRegister Phase StartOfEnginePreInit
LogTrace: Initializing trace...
LogTrace: Display: Control listening on port 35072
LogTrace: Finished trace initialization.
LogModuleManager: InternalLoadLibrary: 'PakFile' ('C:/Program Files/Epic Games/UE_5.8/Engine/Binaries/Win64/UnrealPak-PakFile.dll')
LogModuleManager: InternalLoadLibrary: 'RSA' ('C:/Program Files/Epic Games/UE_5.8/Engine/Binaries/Win64/UnrealPak-RSA.dll')
LogModuleManager: InternalLoadLibrary: 'SandboxFile' ('C:/Program Files/Epic Games/UE_5.8/Engine/Binaries/Win64/UnrealPak-SandboxFile.dll')
LogInit: Running DelayedAutoRegister Phase FileSystemReady
LogInit: Running DelayedAutoRegister Phase TaskGraphSystemReady
LogInit: Running DelayedAutoRegister Phase StatSystemReady
LogModuleManager: InternalLoadLibrary: 'CoreUObject' ('C:/Program Files/Epic Games/UE_5.8/Engine/Binaries/Win64/UnrealPak-CoreUObject.dll')
OodleDataCompression: Display: Oodle v2.9.16 format for pak/iostore with method=Kraken, level=4=Normal
LogInit: Session CrashGUID >====================================================
         Session CrashGUID >   UECC-Windows-91E7FE024E8311B961428295612702D8
         Session CrashGUID >====================================================
LogConfig: No local boot hotfix file found at: [../../../../../../Users/tryst/Documents/GitHub/Casse-Brique-UNREAL-ENGINE-/Casse_Brique/Saved/PersistentDownloadDir/HotfixForNextBoot.txt]
LogInit: Running DelayedAutoRegister Phase IniSystemReady
LogPluginManager: Mounting Engine plugin PlatformCrypto
LogPluginManager: Mounting Engine plugin TcpMessaging
LogModuleManager: InternalLoadLibrary: 'PlatformCrypto' ('C:/Program Files/Epic Games/UE_5.8/Engine/Plugins/Experimental/PlatformCrypto/Binaries/Win64/UnrealPak-PlatformCrypto.dll')
LogModuleManager: InternalLoadLibrary: 'PlatformCryptoTypes' ('C:/Program Files/Epic Games/UE_5.8/Engine/Plugins/Experimental/PlatformCrypto/Binaries/Win64/UnrealPak-PlatformCryptoTypes.dll')
LogModuleManager: InternalLoadLibrary: 'PlatformCryptoContext' ('C:/Program Files/Epic Games/UE_5.8/Engine/Plugins/Experimental/PlatformCrypto/Binaries/Win64/UnrealPak-PlatformCryptoContext.dll')
LogInit: Running DelayedAutoRegister Phase EarliestPossiblePluginsLoaded
LogInit: ExecutableName: UnrealPak.exe
LogInit: Build: ++UE5+Release-5.8-CL-56702186
LogInit: Platform=WindowsEditor
LogInit: MachineId=901479a6490073419dbe8d98ba88c0d4
LogInit: DeviceId=
LogInit: Engine Version: 5.8.2-56702186+++UE5+Release-5.8
LogInit: Compatible Engine Version: 5.8.0-55116800+++UE5+Release-5.8
LogInit: Net CL: 55116800
LogInit: OS: Windows 11 (25H2) [10.0.26200.9457] (), CPU: AMD Ryzen AI 9 365 w/ Radeon 880M              , GPU: AMD Radeon(TM) 880M Graphics
LogInit: CPU Model ID: 1a240, microcode revision: b20401b
LogInit: Compiled (64-bit): Aug  7 2026 15:25:21
LogInit: Architecture: x64
LogInit: Compiled with Visual C++: 19.50.35737.00
LogInit: Build Configuration: Development
LogInit: Branch Name: ++UE5+Release-5.8
LogInit: Command Line: C:\Users\tryst\Documents\GitHub\Casse-Brique-UNREAL-ENGINE-\Casse_Brique\Casse_Brique.uproject -CreateGlobalContainer=C:\Users\tryst\Documents\GitHub\Casse-Brique-UNREAL-ENGINE-\Casse_Brique\Saved\StagedBuilds\Windows\Casse_Brique\Content\Paks\global.utoc -ProjectStore=C:\Users\tryst\Documents\GitHub\Casse-Brique-UNREAL-ENGINE-\Casse_Brique\Saved\Cooked\Windows\ue.projectstore -CookedDirectory=C:\Users\tryst\Documents\GitHub\Casse-Brique-UNREAL-ENGINE-\Casse_Brique\Saved\Cooked\Windows -Commands="C:\Users\tryst\AppData\Roaming\Unreal Engine\AutomationTool\Logs\C+Program+Files+Epic+Games+UE_5.8\IoStoreCommands.txt" -patchpaddingalign=2048 -compressionformats=Oodle -compresslevel=4 -compressmethod=Kraken -cryptokeys=C:\Users\tryst\Documents\GitHub\Casse-Brique-UNREAL-ENGINE-\Casse_Brique\Saved\Cooked\Windows\Casse_Brique\Metadata\Crypto.json -compressionMinBytesSaved=1024 -compressionMinPercentSaved=5 -WriteBackMetadataToAssetRegistry=Disabled -platform=Windows -nopak
LogInit: Base Directory: C:/Program Files/Epic Games/UE_5.8/Engine/Binaries/Win64/
LogInit: Allocator: Mimalloc
LogInit: Installed Engine Build: 1
LogInit: This binary is optimized with LTO: no, PGO: no, instrumented for PGO data collection: no
LogDevObjectVersion: Number of dev versions registered: 35
LogDevObjectVersion:   Dev-Blueprints (B0D832E4-1F89-4F0D-ACCF-7EB736FD4AA2): 10
LogDevObjectVersion:   Dev-Build (E1C64328-A22C-4D53-A36C-8E866417BD8C): 0
LogDevObjectVersion:   Dev-Core (375EC13C-06E4-48FB-B500-84F0262A717E): 4
LogDevObjectVersion:   Dev-Editor (E4B068ED-F494-42E9-A231-DA0B2E46BB41): 40
LogDevObjectVersion:   Dev-Framework (CFFC743F-43B0-4480-9391-14DF171D2073): 37
LogDevObjectVersion:   Dev-Mobile (B02B49B5-BB20-44E9-A304-32B752E40360): 3
LogDevObjectVersion:   Dev-Networking (A4E4105C-59A1-49B5-A7C5-40C4547EDFEE): 0
LogDevObjectVersion:   Dev-Online (39C831C9-5AE6-47DC-9A44-9C173E1C8E7C): 0
LogDevObjectVersion:   Dev-Physics (78F01B33-EBEA-4F98-B9B4-84EACCB95AA2): 20
LogDevObjectVersion:   Dev-Platform (6631380F-2D4D-43E0-8009-CF276956A95A): 0
LogDevObjectVersion:   Dev-Rendering (12F88B9F-8875-4AFC-A67C-D90C383ABD29): 49
LogDevObjectVersion:   Dev-Sequencer (7B5AE74C-D270-4C10-A958-57980B212A5A): 13
LogDevObjectVersion:   Dev-VR (D7296918-1DD6-4BDD-9DE2-64A83CC13884): 3
LogDevObjectVersion:   Dev-LoadTimes (C2A15278-BFE7-4AFE-6C17-90FF531DF755): 1
LogDevObjectVersion:   Private-Geometry (6EACA3D4-40EC-4CC1-B786-8BED09428FC5): 3
LogDevObjectVersion:   Dev-AnimPhys (29E575DD-E0A3-4627-9D10-D276232CDCEA): 17
LogDevObjectVersion:   Dev-Anim (AF43A65D-7FD3-4947-9873-3E8ED9C1BB05): 15
LogDevObjectVersion:   Dev-ReflectionCapture (6B266CEC-1EC7-4B8F-A30B-E4D90942FC07): 1
LogDevObjectVersion:   Dev-Automation (0DF73D61-A23F-47EA-B727-89E90C41499A): 1
LogDevObjectVersion:   FortniteMain (601D1886-AC64-4F84-AA16-D3DE0DEAC7D6): 268
LogDevObjectVersion:   FortniteValkyrie (8DBC2C5B-54A7-43E0-A768-FCBB7DA29060): 8
LogDevObjectVersion:   FortniteSeason (5B4C06B7-2463-4AF8-805B-BF70CDF5D0DD): 15
LogDevObjectVersion:   FortniteRelease (E7086368-6B23-4C58-8439-1B7016265E91): 20
LogDevObjectVersion:   Dev-Enterprise (9DFFBCD6-494F-0158-E221-12823C92A888): 11
LogDevObjectVersion:   Dev-Niagara (F2AED0AC-9AFE-416F-8664-AA7FFA26D6FC): 1
LogDevObjectVersion:   Dev-Destruction (174F1F0B-B4C6-45A5-B13F-2EE8D0FB917D): 10
LogDevObjectVersion:   Dev-Physics-Ext (35F94A83-E258-406C-A318-09F59610247C): 41
LogDevObjectVersion:   Dev-PhysicsMaterial-Chaos (B68FC16E-8B1B-42E2-B453-215C058844FE): 1
LogDevObjectVersion:   Dev-CineCamera (B2E18506-4273-CFC2-A54E-F4BB758BBA07): 1
LogDevObjectVersion:   Dev-VirtualProduction (64F58936-FD1B-42BA-BA96-7289D5D0FA4E): 1
LogDevObjectVersion:   UE5-Main (697DD581-E64F-41AB-AA4A-51ECBEB7B628): 123
LogDevObjectVersion:   UE5-Release (D89B5E42-24BD-4D46-8412-ACA8DF641779): 68
LogDevObjectVersion:   UE5-SpecialProject (59DA5D52-1232-4948-B878-597870B8E98B): 9
LogDevObjectVersion:   Dev-MediaFramework (6F0ED827-A609-4895-9C91-998D90180EA4): 2
LogDevObjectVersion:   Dev-NaniteResearch (30D58BE3-95EA-4282-A6E3-B159D8EBB06A): 1
LogInit: Presizing for max 100000 objects, including 0 objects not considered by GC.
LogStreaming: Display: AsyncLoading2 - Created: Async Loading Thread: false, Async Post Load: false, Multithreaded: false
LogInit: Object subsystem initialized
LogConfig: Applying CVar settings from Section [Startup] File [../../../Engine/Config/ConsoleVariables.ini]
LogConfig: CVar [[p.chaos.AllowCreatePhysxBodies:1]] deferred - dummy variable created
LogConfig: CVar [[fx.SkipVectorVMBackendOptimizations:1]] deferred - dummy variable created
LogConfig: Applying CVar settings from Section [Startup_Windows] File [../../../Engine/Config/ConsoleVariables.ini]
LogConfig: Applying CVar settings from Section [ConsoleVariables] File [Engine]
LogConfig: Set CVar [[WindowsApplication.UseWorkerThreadForRawInput:0]]
LogConfig: CVar [[r.PSOPrecache.KeepInMemoryForActiveMaterials:1]] deferred - dummy variable created
[2026.09.28-00.51.13:255][  0]LogInit: Computer: TRYSTAN
[2026.09.28-00.51.13:255][  0]LogInit: User: tryst
[2026.09.28-00.51.13:255][  0]LogInit: CPU Page size=4096, Cores=10
[2026.09.28-00.51.13:255][  0]LogInit: High frequency timer resolution =10.000000 MHz
[2026.09.28-00.51.13:255][  0]LogInit: Gaming Handheld Device: 0
[2026.09.28-00.51.13:270][  0]LogMemory: Process is running as part of a Windows Job with separate resource limits
[2026.09.28-00.51.13:270][  0]LogMemory: Memory total: Physical=31.3GB (32GB approx) Virtual=37.0GB
[2026.09.28-00.51.13:270][  0]LogMemory: Platform Memory Stats for WindowsEditor
[2026.09.28-00.51.13:270][  0]LogMemory: Process Physical Memory: 90.65 MB used, 90.65 MB peak
[2026.09.28-00.51.13:270][  0]LogMemory: Process Virtual Memory: 147.64 MB used, 147.64 MB peak
[2026.09.28-00.51.13:270][  0]LogMemory: Physical Memory: 20626.18 MB used,  11413.68 MB free, 32039.86 MB total
[2026.09.28-00.51.13:270][  0]LogMemory: Virtual Memory: 33049.60 MB used,  4878.25 MB free, 37927.86 MB total
[2026.09.28-00.51.13:276][  0]LogAssetRegistry: ActiveMountsLoading is disabled.
[2026.09.28-00.51.13:276][  0]LogAssetRegistry: FAssetRegistry took 0.0002 seconds to start up
[2026.09.28-00.51.13:276][  0]LogModuleManager: InternalLoadLibrary: 'TelemetryUtils' ('C:/Program Files/Epic Games/UE_5.8/Engine/Binaries/Win64/UnrealPak-TelemetryUtils.dll')
[2026.09.28-00.51.13:276][  0]LogUObjectArray: 877 objects as part of root set at end of initial load.
[2026.09.28-00.51.13:276][  0]LogUObjectArray: CloseDisregardForGC: 0/0 objects in disregard for GC pool
[2026.09.28-00.51.13:277][  0]LogInit: Using OS detected language ().
[2026.09.28-00.51.13:277][  0]LogInit: Using OS detected locale ().
[2026.09.28-00.51.13:277][  0]LogTextLocalizationManager: No localization for '' exists, so 'en' will be used for the language.
[2026.09.28-00.51.13:278][  0]LogTextLocalizationManager: No localization for '' exists, so 'en' will be used for the locale.
[2026.09.28-00.51.13:278][  0]LogInit: Using OS detected language ().
[2026.09.28-00.51.13:278][  0]LogInit: Using OS detected locale ().
[2026.09.28-00.51.13:278][  0]LogTextLocalizationManager: No localization for '' exists, so 'en' will be used for the language.
[2026.09.28-00.51.13:278][  0]LogTextLocalizationManager: No localization for '' exists, so 'en' will be used for the locale.
[2026.09.28-00.51.13:278][  0]LogPakFile: Display: ProjectDir: ../../../../../../Users/tryst/Documents/GitHub/Casse-Brique-UNREAL-ENGINE-/Casse_Brique/
[2026.09.28-00.51.13:278][  0]LogIoStore: Display: ==================== IoStore Utils ====================
[2026.09.28-00.51.13:279][  0]LogIoStore: Display: Parsing crypto keys from a crypto key cache file 'C:\Users\tryst\Documents\GitHub\Casse-Brique-UNREAL-ENGINE-\Casse_Brique\Saved\Cooked\Windows\Casse_Brique\Metadata\Crypto.json'
[2026.09.28-00.51.13:279][  0]LogIoStore: Display: Container signing - DISABLED
[2026.09.28-00.51.13:279][  0]LogIoStore: Display: Directory index - ENABLED
[2026.09.28-00.51.13:279][  0]LogIoStore: Display: Using compression format 'Oodle'
[2026.09.28-00.51.13:302][  0]LogConfig: Display: Read in platform Windows ini files took 0.02 seconds
[2026.09.28-00.51.13:302][  0]LogIoStore: Display: Using memory mapping alignment '16384'
[2026.09.28-00.51.13:302][  0]LogIoStore: Display: Using compression block size '65536'
[2026.09.28-00.51.13:302][  0]LogIoStore: Display: Using compression block alignment '2048'
[2026.09.28-00.51.13:302][  0]LogIoStore: Display: Using compression min bytes saved '1024'
[2026.09.28-00.51.13:302][  0]LogIoStore: Display: Using compression min percent saved '5'
[2026.09.28-00.51.13:302][  0]LogIoStore: Display: Using max partition size '0'
[2026.09.28-00.51.13:302][  0]LogIoStore: Display: Not using DDC for compression
[2026.09.28-00.51.13:302][  0]LogIoStore: Display: Container metadata disabled
[2026.09.28-00.51.13:302][  0]LogIoStore: Display: Using command list file: 'C:\Users\tryst\AppData\Roaming\Unreal Engine\AutomationTool\Logs\C+Program+Files+Epic+Games+UE_5.8\IoStoreCommands.txt'
[2026.09.28-00.51.13:321][  0]LogIoStore: Display: Selected Oodle level 4 (Normal) from command line for shaders
[2026.09.28-00.51.13:322][  0]LogZenServiceInstance: Found subprocess environment variable UE-ZenSubprocessDataPath=C:/Users/tryst/AppData/Local/UnrealEngine/Common/Zen/Data
[2026.09.28-00.51.13:324][  0]LogZenServiceInstance: Display: Launching zen utility 'C:/Program Files/Epic Games/UE_5.8/Engine/Binaries/Win64/zen.exe service status'.
[2026.09.28-00.51.13:633][  0]LogZenServiceInstance: Display: Writing plugin version info to 'C:/Users/tryst/AppData/Local/UnrealEngine/Common/Zen/Install/zen_plugin_versions.json'
[2026.09.28-00.51.13:634][  0]LogZenServiceInstance: Display: Read zen version cache file from 'C:/Users/tryst/AppData/Local/UnrealEngine/5.8/Saved/Zen/zen.version', version: '5.8.13-202605190912-windows-x64-release-094f62c2'
[2026.09.28-00.51.13:634][  0]LogZenServiceInstance: InTree version at 'C:/Program Files/Epic Games/UE_5.8/Engine/Binaries/Win64/zenserver.exe' is '5.8.13-202605190912-windows-x64-release-094f62c2'
[2026.09.28-00.51.13:634][  0]LogZenServiceInstance: Display: Read zen version cache file from 'C:/Users/tryst/AppData/Local/UnrealEngine/Common/Zen/Install/zen.version', version: '5.8.13-202605190912-windows-x64-release-094f62c2'
[2026.09.28-00.51.13:634][  0]LogZenServiceInstance: Installed version at 'C:/Users/tryst/AppData/Local/UnrealEngine/Common/Zen/Install/zenserver.exe' is '5.8.13-202605190912-windows-x64-release-094f62c2'
[2026.09.28-00.51.13:634][  0]LogZenServiceInstance: Display: Installed service at 'C:/Users/tryst/AppData/Local/UnrealEngine/Common/Zen/Install/zenserver.exe' is up to date
[2026.09.28-00.51.13:634][  0]LogZenServiceInstance: Found existing instance running on port 8558 matching our settings, no actions needed
[2026.09.28-00.51.13:938][  0]LogZenServiceInstance: Display: Unreal Zen Storage Server HTTP service at http://[::1]:8558 status: OK!.
[2026.09.28-00.51.13:938][  0]LogZenServiceInstance: Local ZenServer AutoLaunch initialization completed in 0.307 seconds
[2026.09.28-00.51.13:938][  0]LogModuleManager: InternalLoadLibrary: 'SSL' ('C:/Program Files/Epic Games/UE_5.8/Engine/Binaries/Win64/UnrealPak-SSL.dll')
[2026.09.28-00.51.13:949][  0]LogZenStore: Display: Opening oplog Casse_Brique.f0d94d47 / Windows
[2026.09.28-00.51.13:953][  0]LogIoStore: Display: Fetched 536 oplog items from Zen in 0.63 seconds
[2026.09.28-00.51.13:958][  0]LogIoStore: Display: Parsed 536 oplog items 0.01 seconds, 3520 chunks
[2026.09.28-00.51.13:963][  0]LogIoStore: Display: Loaded 655 chunk hashes from Zen in 0.00 seconds, 655 hashes updated in 0.00 seconds
[2026.09.28-00.51.13:966][  0]LogIoStore: Display: Searching for cooked assets in folder 'C:\Users\tryst\Documents\GitHub\Casse-Brique-UNREAL-ENGINE-\Casse_Brique\Saved\Cooked\Windows'
[2026.09.28-00.51.13:967][  0]LogIoStore: Display: Found '8' files
[2026.09.28-00.51.13:977][  0]LogIoStore: Display: Creating container targets...
[2026.09.28-00.51.14:013][  0]LogIoStore: Display: Processing shader libraries, compressing with Oodle Mermaid, level 4 (Normal)
[2026.09.28-00.51.14:015][  0]LogIoStore: Display: Shader library chunk override is disabled
[2026.09.28-00.51.14:023][  0]LogShaderLibrary: Display: Created IoStoreShaderArchive header: shaders grouped in 211 groups (59 of them didn't need new indices), average uncompressed size 120214 bytes, min 2378 bytes, max 1018338 bytes (r.ShaderCodeLibrary.MaxShaderGroupSize=1048576)
[2026.09.28-00.51.14:112][  0]LogIoStore: Display: Casse_Brique-PCD3D_SM6(PCD3D_SM6): Recompressed 1978 shaders as 211 groups. Library size changed from 19034 KB (1.30 : 1 ratio) to 13101 KB (1.89 : 1 ratio), 68.83% of previous.
[2026.09.28-00.51.14:112][  0]LogIoStore: Display: Save IoStoreShaderCodeArchive 'Casse_Brique-PCD3D_SM6-PCD3D_SM6' with ChunkId '6c63af311529829400000008' for target file 'C:/Users/tryst/Documents/GitHub/Casse-Brique-UNREAL-ENGINE-/Casse_Brique/Saved/Cooked/Windows/Casse_Brique/Content/ShaderArchive-Casse_Brique-PCD3D_SM6-PCD3D_SM6.ushaderbytecode'
[2026.09.28-00.51.14:156][  0]LogShaderLibrary: Display: Created IoStoreShaderArchive header: shaders grouped in 707 groups (214 of them didn't need new indices), average uncompressed size 307504 bytes, min 1249 bytes, max 1052289 bytes (r.ShaderCodeLibrary.MaxShaderGroupSize=1048576)
[2026.09.28-00.51.14:983][  0]LogIoStore: Display: Global-PCD3D_SM6(PCD3D_SM6): Recompressed 12167 shaders as 707 groups. Library size changed from 163162 KB (1.30 : 1 ratio) to 98552 KB (2.15 : 1 ratio), 60.40% of previous.
[2026.09.28-00.51.14:983][  0]LogIoStore: Display: Save IoStoreShaderCodeArchive 'Global-PCD3D_SM6-PCD3D_SM6' with ChunkId '1680bae1ae38d5b900000008' for target file 'C:/Users/tryst/Documents/GitHub/Casse-Brique-UNREAL-ENGINE-/Casse_Brique/Saved/Cooked/Windows/Casse_Brique/Content/ShaderArchive-Global-PCD3D_SM6-PCD3D_SM6.ushaderbytecode'
[2026.09.28-00.51.14:999][  0]LogShaderLibrary: Display: Created IoStoreShaderArchive header: shaders grouped in 409 groups (165 of them didn't need new indices), average uncompressed size 147157 bytes, min 249 bytes, max 1042761 bytes (r.ShaderCodeLibrary.MaxShaderGroupSize=1048576)
[2026.09.28-00.51.15:066][  0]LogIoStore: Display: Global-PCD3D_SM5(PCD3D_SM5): Recompressed 4668 shaders as 409 groups. Library size changed from 14615 KB (4.02 : 1 ratio) to 6079 KB (9.67 : 1 ratio), 41.59% of previous.
[2026.09.28-00.51.15:066][  0]LogIoStore: Display: Save IoStoreShaderCodeArchive 'Global-PCD3D_SM5-PCD3D_SM5' with ChunkId 'c3fad98e7ca0cc3100000008' for target file 'C:/Users/tryst/Documents/GitHub/Casse-Brique-UNREAL-ENGINE-/Casse_Brique/Saved/Cooked/Windows/Casse_Brique/Content/ShaderArchive-Global-PCD3D_SM5-PCD3D_SM5.ushaderbytecode'
[2026.09.28-00.51.15:071][  0]LogShaderLibrary: Display: Created IoStoreShaderArchive header: shaders grouped in 175 groups (110 of them didn't need new indices), average uncompressed size 38128 bytes, min 502 bytes, max 982903 bytes (r.ShaderCodeLibrary.MaxShaderGroupSize=1048576)
[2026.09.28-00.51.15:083][  0]LogIoStore: Display: Casse_Brique-PCD3D_SM5(PCD3D_SM5): Recompressed 893 shaders as 175 groups. Library size changed from 1977 KB (3.30 : 1 ratio) to 1050 KB (6.20 : 1 ratio), 53.12% of previous.
[2026.09.28-00.51.15:083][  0]LogIoStore: Display: Save IoStoreShaderCodeArchive 'Casse_Brique-PCD3D_SM5-PCD3D_SM5' with ChunkId 'd6fb515f1f0cd7ee00000008' for target file 'C:/Users/tryst/Documents/GitHub/Casse-Brique-UNREAL-ENGINE-/Casse_Brique/Saved/Cooked/Windows/Casse_Brique/Content/ShaderArchive-Casse_Brique-PCD3D_SM5-PCD3D_SM5.ushaderbytecode'
[2026.09.28-00.51.15:090][  0]LogIoStore: Display: Shaders processed in 1.08 seconds
[2026.09.28-00.51.15:090][  0]LogIoStore: Display: Initialized WriteRequestManager with MaxConcurrentSourceReads=10 (20 cores), MaxSourceBufferMemory=3072MiB
[2026.09.28-00.51.15:092][  0]LogIoStore: Display: Processing redirects...
[2026.09.28-00.51.15:092][  0]LogIoStore: Display: Creating disk layout...
[2026.09.28-00.51.15:093][  0]LogIoStore: Display: Ordered 533 packages using fallback bundle order
[2026.09.28-00.51.15:101][  0]LogIoStore: Display: Disabled WriteRequestManager memory throttling, MaxConcurrentSourceReads=10 (20 cores)
[2026.09.28-00.51.15:101][  0]LogIoStore: Display: Writing container(s)...
[2026.09.28-00.51.15:375][  0]LogIoStore: Display: Writing and compressing took 0.27 seconds, writes to disk took 0.24 seconds for 243,529,072 bytes @ 994,915,189 bytes per second.
[2026.09.28-00.51.15:375][  0]LogIoStore: Display: global: Found perfect hashmap for 1 items.
[2026.09.28-00.51.15:376][  0]LogIoStore: Display: Casse_Brique-Windows: Found perfect hashmap for 2162 items.
[2026.09.28-00.51.15:378][  0]LogIoStore: Display: Finalize took 0.0 seconds for 2 writers to write 211,105 bytes, 70,167,179 bytes per second
[2026.09.28-00.51.15:378][  0]LogIoStore: Display: Writing tocs... [Physical: 788 MiB, Virtual: 3484 MiB]
[2026.09.28-00.51.15:378][  0]LogIoStore: Display: 655 / 2,163 hashes were loaded from the hash database, by type:
[2026.09.28-00.51.15:378][  0]LogIoStore: Display:     ExportBundleData           533
[2026.09.28-00.51.15:378][  0]LogIoStore: Display:     BulkData                   122
[2026.09.28-00.51.15:378][  0]LogIoStore: Display: 655 / 2,163 chunks attempted to compress, by type:
[2026.09.28-00.51.15:378][  0]LogIoStore: Display:     ExportBundleData           533 / 533
[2026.09.28-00.51.15:378][  0]LogIoStore: Display:     BulkData                   122 / 122
[2026.09.28-00.51.15:378][  0]LogIoStore: Display:     ScriptObjects              0 / 1
[2026.09.28-00.51.15:378][  0]LogIoStore: Display:     ContainerHeader            0 / 1
[2026.09.28-00.51.15:378][  0]LogIoStore: Display:     ShaderCodeLibrary          0 / 4
[2026.09.28-00.51.15:378][  0]LogIoStore: Display:     ShaderCode                 0 / 1,502
[2026.09.28-00.51.15:378][  0]LogIoStore: Display: Source bytes read:
[2026.09.28-00.51.15:378][  0]LogIoStore: Display:     Zen:                        167,061,666
[2026.09.28-00.51.15:378][  0]LogIoStore: Display:         ExportBundleData        157,460,110 bytes over 533 reads
[2026.09.28-00.51.15:378][  0]LogIoStore: Display:         BulkData                  9,601,556 bytes over 122 reads
[2026.09.28-00.51.15:378][  0]LogIoStore: Display:     Loose File:                           0
[2026.09.28-00.51.15:378][  0]LogIoStore: Display:     Memory:                     244,342,766
[2026.09.28-00.51.15:378][  0]LogIoStore: Display:         ShaderCodeLibrary         1,072,440 bytes over 8 reads
[2026.09.28-00.51.15:378][  0]LogIoStore: Display:         ShaderCode              243,270,326 bytes over 3,004 reads
[2026.09.28-00.51.15:378][  0]LogIoStore: Display: Calculating stats...
[2026.09.28-00.51.15:378][  0]LogIoStore: Display: 
[2026.09.28-00.51.15:378][  0]LogIoStore: Display: Container Summary
[2026.09.28-00.51.15:378][  0]LogIoStore: Display: ==================
[2026.09.28-00.51.15:378][  0]LogIoStore: Display: 
[2026.09.28-00.51.15:378][  0]LogIoStore: Display:                      Container      Flags      Chunk(s) #       TOC (KiB)       Raw Size (MiB)           Size (MiB)
[2026.09.28-00.51.15:378][  0]LogIoStore: Display: -------------------------------------------------------------------------------------------------------------------
[2026.09.28-00.51.15:378][  0]LogIoStore: Display:                         global  -/-/-/-/-               1            0.76                 3.06                 3.06 -
[2026.09.28-00.51.15:378][  0]LogIoStore: Display:           Casse_Brique-Windows  C/-/-/I/-            2162          205.39               277.43               229.19 (17.39% Oodle)
[2026.09.28-00.51.15:378][  0]LogIoStore: Display: -------------------------------------------------------------------------------------------------------------------
[2026.09.28-00.51.15:378][  0]LogIoStore: Display:                          Total                       2163          206.16               280.49               232.25
[2026.09.28-00.51.15:378][  0]LogIoStore: Display: 
[2026.09.28-00.51.15:378][  0]LogIoStore: Display: ** Flags: (C)ompressed / (E)ncrypted / (S)igned) / (I)ndexed) / (O)nDemand **
[2026.09.28-00.51.15:378][  0]LogIoStore: Display: 
[2026.09.28-00.51.15:378][  0]LogIoStore: Display: Compression block padding:     1.58 MiB
[2026.09.28-00.51.15:378][  0]LogIoStore: Display: 
[2026.09.28-00.51.15:378][  0]LogIoStore: Display: Container Directory Index
[2026.09.28-00.51.15:378][  0]LogIoStore: Display: ==========================
[2026.09.28-00.51.15:378][  0]LogIoStore: Display: 
[2026.09.28-00.51.15:378][  0]LogIoStore: Display:                      Container      Size (KiB)
[2026.09.28-00.51.15:378][  0]LogIoStore: Display: ----------------------------------------------
[2026.09.28-00.51.15:378][  0]LogIoStore: Display:                         global            0.00
[2026.09.28-00.51.15:378][  0]LogIoStore: Display:           Casse_Brique-Windows           32.15
[2026.09.28-00.51.15:378][  0]LogIoStore: Display: 
[2026.09.28-00.51.15:378][  0]LogIoStore: Display: Container Patch Report
[2026.09.28-00.51.15:378][  0]LogIoStore: Display: ========================
[2026.09.28-00.51.15:378][  0]LogIoStore: Display: 
[2026.09.28-00.51.15:378][  0]LogIoStore: Display:                      Container          Total #       Modified #          Added #   Modified (MiB)      Added (MiB)
[2026.09.28-00.51.15:378][  0]LogIoStore: Display: -------------------------------------------------------------------------------------------------------------------
[2026.09.28-00.51.15:378][  0]LogIoStore: Display:                         global                1                0                0             0.00             0.00
[2026.09.28-00.51.15:378][  0]LogIoStore: Display:           Casse_Brique-Windows             2162                0             2162             0.00           227.61
[2026.09.28-00.51.15:378][  0]LogIoStore: Display: -------------------------------------------------------------------------------------------------------------------
[2026.09.28-00.51.15:378][  0]LogIoStore: Display: 
[2026.09.28-00.51.15:378][  0]LogIoStore: Display: PackageStore
[2026.09.28-00.51.15:378][  0]LogIoStore: Display: =============
[2026.09.28-00.51.15:378][  0]LogIoStore: Display: 
[2026.09.28-00.51.15:378][  0]LogIoStore: Display:                      Container      Size (KiB)      Packages #     Localized #
[2026.09.28-00.51.15:378][  0]LogIoStore: Display: ------------------------------------------------------------------------------
[2026.09.28-00.51.15:378][  0]LogIoStore: Display:           Casse_Brique-Windows              15             533               0
[2026.09.28-00.51.15:378][  0]LogIoStore: Display: ------------------------------------------------------------------------------
[2026.09.28-00.51.15:378][  0]LogIoStore: Display:                          Total              15             533               0
[2026.09.28-00.51.15:378][  0]LogIoStore: Display: 
[2026.09.28-00.51.15:378][  0]LogIoStore: Display: 
[2026.09.28-00.51.15:378][  0]LogIoStore: Display: Input:       533 Packages
[2026.09.28-00.51.15:378][  0]LogIoStore: Display: Input:         0   B UExp
[2026.09.28-00.51.15:378][  0]LogIoStore: Display: Input:    150.17 MiB UAsset
[2026.09.28-00.51.15:383][  0]LogIoStore: Display: Input:      9.16 MiB UBulk
[2026.09.28-00.51.15:383][  0]LogIoStore: Display: Input:    102.18 MiB for 1116 Global shaders
[2026.09.28-00.51.15:383][  0]LogIoStore: Display: Input:      1.53 MiB for 180 Shared shaders
[2026.09.28-00.51.15:383][  0]LogIoStore: Display: Input:         0   B for 0 Unique shaders
[2026.09.28-00.51.15:383][  0]LogIoStore: Display: Input:     12.29 MiB for 206 Inline shaders
[2026.09.28-00.51.15:383][  0]LogIoStore: Display: 
[2026.09.28-00.51.15:383][  0]LogIoStore: Display: Output:      581 Imported package entries
[2026.09.28-00.51.15:383][  0]LogIoStore: Display: Output:      326 Packages without imports
[2026.09.28-00.51.15:383][  0]LogIoStore: Display: Output:        0 Public runtime script objects
[2026.09.28-00.51.15:383][  0]LogIoStore: Display: Output:     3.06 MiB InitialLoadData
[2026.09.28-00.51.15:383][  0]LogIoStore: Display: 
[2026.09.28-00.51.15:383][  0]LogIoStore: Display: Success
[2026.09.28-00.51.15:388][  0]LogPakFile: Display: UnrealPak executed in 2.109636 seconds
[2026.09.28-00.51.15:396][  0]LogCore: Engine exit requested (reason: UnrealPak Exiting)
[2026.09.28-00.51.15:396][  0]LogExit: Preparing to exit.
[2026.09.28-00.51.15:397][  0]LogExit: Object subsystem successfully closed.
[2026.09.28-00.51.15:399][  0]LogPakFile: Destroying PakPlatformFile
[2026.09.28-00.51.15:400][  0]LogExit: Exiting.
[2026.09.28-00.51.15:406][  0]Log file closed, 09/27/26 20:51:15
