Log file open, 09/27/26 20:42:42
LogInit: Running DelayedAutoRegister Phase StartOfEnginePreInit
LogTrace: Initializing trace...
LogTrace: Display: Control listening on port 39774
LogTrace: Finished trace initialization.
LogModuleManager: InternalLoadLibrary: 'PakFile' ('C:/Program Files/Epic Games/UE_5.8/Engine/Binaries/Win64/UnrealPak-PakFile.dll')
LogModuleManager: InternalLoadLibrary: 'RSA' ('C:/Program Files/Epic Games/UE_5.8/Engine/Binaries/Win64/UnrealPak-RSA.dll')
LogModuleManager: InternalLoadLibrary: 'SandboxFile' ('C:/Program Files/Epic Games/UE_5.8/Engine/Binaries/Win64/UnrealPak-SandboxFile.dll')
LogInit: Running DelayedAutoRegister Phase FileSystemReady
LogInit: Running DelayedAutoRegister Phase TaskGraphSystemReady
LogInit: Running DelayedAutoRegister Phase StatSystemReady
LogModuleManager: InternalLoadLibrary: 'CoreUObject' ('C:/Program Files/Epic Games/UE_5.8/Engine/Binaries/Win64/UnrealPak-CoreUObject.dll')
OodleDataCompression: Display: Oodle v2.9.16 format for pak/iostore with method=Kraken, level=4=Normal
LogInit: Session CrashGUID >====================================================
         Session CrashGUID >   UECC-Windows-90A1C0484B795A295BC102BC4AD6C98A
         Session CrashGUID >====================================================
LogConfig: No local boot hotfix file found at: [../../../../../../Users/tryst/Documents/GitHub/Casse-Brique-UNREAL-ENGINE-/Casse_Brique/Saved/PersistentDownloadDir/HotfixForNextBoot.txt]
LogInit: Running DelayedAutoRegister Phase IniSystemReady
LogPluginManager: Mounting Engine plugin TcpMessaging
LogPluginManager: Mounting Engine plugin PlatformCrypto
LogModuleManager: InternalLoadLibrary: 'PlatformCrypto' ('C:/Program Files/Epic Games/UE_5.8/Engine/Plugins/Experimental/PlatformCrypto/Binaries/Win64/UnrealPak-PlatformCrypto.dll')
LogModuleManager: InternalLoadLibrary: 'PlatformCryptoTypes' ('C:/Program Files/Epic Games/UE_5.8/Engine/Plugins/Experimental/PlatformCrypto/Binaries/Win64/UnrealPak-PlatformCryptoTypes.dll')
LogModuleManager: InternalLoadLibrary: 'PlatformCryptoContext' ('C:/Program Files/Epic Games/UE_5.8/Engine/Plugins/Experimental/PlatformCrypto/Binaries/Win64/UnrealPak-PlatformCryptoContext.dll')
LogInit: Running DelayedAutoRegister Phase EarliestPossiblePluginsLoaded
LogInit: ExecutableName: UnrealPak.exe
LogInit: Build: ++UE5+Release-5.8-CL-56702186
LogInit: Platform=WindowsEditor
LogInit: MachineId=901479a6490073419dbe8d98ba88c0d4
LogInit: DeviceId=
LogInit: Engine Version: 5.8.2-56702186+++UE5+Release-5.8
LogInit: Compatible Engine Version: 5.8.0-55116800+++UE5+Release-5.8
LogInit: Net CL: 55116800
LogInit: OS: Windows 11 (25H2) [10.0.26200.9457] (), CPU: AMD Ryzen AI 9 365 w/ Radeon 880M              , GPU: AMD Radeon(TM) 880M Graphics
LogInit: CPU Model ID: 1a240, microcode revision: b20401b
LogInit: Compiled (64-bit): Aug  7 2026 15:25:21
LogInit: Architecture: x64
LogInit: Compiled with Visual C++: 19.50.35737.00
LogInit: Build Configuration: Development
LogInit: Branch Name: ++UE5+Release-5.8
LogInit: Command Line: -cryptokeys=C:\Users\tryst\Documents\GitHub\Casse-Brique-UNREAL-ENGINE-\Casse_Brique\Saved\Cooked\Windows\Casse_Brique\Metadata\Crypto.json -patchpaddingalign=2048 -compressionformats=Oodle -compresslevel=4 -compressmethod=Kraken -ProjectStore=C:\Users\tryst\Documents\GitHub\Casse-Brique-UNREAL-ENGINE-\Casse_Brique\Saved\Cooked\Windows\ue.projectstore -platform=Windows -CreateMultiple="C:\Users\tryst\AppData\Roaming\Unreal Engine\AutomationTool\Logs\C+Program+Files+Epic+Games+UE_5.8\PakCommands.txt" -nopak
LogInit: Base Directory: C:/Program Files/Epic Games/UE_5.8/Engine/Binaries/Win64/
LogInit: Allocator: Mimalloc
LogInit: Installed Engine Build: 1
LogInit: This binary is optimized with LTO: no, PGO: no, instrumented for PGO data collection: no
LogDevObjectVersion: Number of dev versions registered: 35
LogDevObjectVersion:   Dev-Blueprints (B0D832E4-1F89-4F0D-ACCF-7EB736FD4AA2): 10
LogDevObjectVersion:   Dev-Build (E1C64328-A22C-4D53-A36C-8E866417BD8C): 0
LogDevObjectVersion:   Dev-Core (375EC13C-06E4-48FB-B500-84F0262A717E): 4
LogDevObjectVersion:   Dev-Editor (E4B068ED-F494-42E9-A231-DA0B2E46BB41): 40
LogDevObjectVersion:   Dev-Framework (CFFC743F-43B0-4480-9391-14DF171D2073): 37
LogDevObjectVersion:   Dev-Mobile (B02B49B5-BB20-44E9-A304-32B752E40360): 3
LogDevObjectVersion:   Dev-Networking (A4E4105C-59A1-49B5-A7C5-40C4547EDFEE): 0
LogDevObjectVersion:   Dev-Online (39C831C9-5AE6-47DC-9A44-9C173E1C8E7C): 0
LogDevObjectVersion:   Dev-Physics (78F01B33-EBEA-4F98-B9B4-84EACCB95AA2): 20
LogDevObjectVersion:   Dev-Platform (6631380F-2D4D-43E0-8009-CF276956A95A): 0
LogDevObjectVersion:   Dev-Rendering (12F88B9F-8875-4AFC-A67C-D90C383ABD29): 49
LogDevObjectVersion:   Dev-Sequencer (7B5AE74C-D270-4C10-A958-57980B212A5A): 13
LogDevObjectVersion:   Dev-VR (D7296918-1DD6-4BDD-9DE2-64A83CC13884): 3
LogDevObjectVersion:   Dev-LoadTimes (C2A15278-BFE7-4AFE-6C17-90FF531DF755): 1
LogDevObjectVersion:   Private-Geometry (6EACA3D4-40EC-4CC1-B786-8BED09428FC5): 3
LogDevObjectVersion:   Dev-AnimPhys (29E575DD-E0A3-4627-9D10-D276232CDCEA): 17
LogDevObjectVersion:   Dev-Anim (AF43A65D-7FD3-4947-9873-3E8ED9C1BB05): 15
LogDevObjectVersion:   Dev-ReflectionCapture (6B266CEC-1EC7-4B8F-A30B-E4D90942FC07): 1
LogDevObjectVersion:   Dev-Automation (0DF73D61-A23F-47EA-B727-89E90C41499A): 1
LogDevObjectVersion:   FortniteMain (601D1886-AC64-4F84-AA16-D3DE0DEAC7D6): 268
LogDevObjectVersion:   FortniteValkyrie (8DBC2C5B-54A7-43E0-A768-FCBB7DA29060): 8
LogDevObjectVersion:   FortniteSeason (5B4C06B7-2463-4AF8-805B-BF70CDF5D0DD): 15
LogDevObjectVersion:   FortniteRelease (E7086368-6B23-4C58-8439-1B7016265E91): 20
LogDevObjectVersion:   Dev-Enterprise (9DFFBCD6-494F-0158-E221-12823C92A888): 11
LogDevObjectVersion:   Dev-Niagara (F2AED0AC-9AFE-416F-8664-AA7FFA26D6FC): 1
LogDevObjectVersion:   Dev-Destruction (174F1F0B-B4C6-45A5-B13F-2EE8D0FB917D): 10
LogDevObjectVersion:   Dev-Physics-Ext (35F94A83-E258-406C-A318-09F59610247C): 41
LogDevObjectVersion:   Dev-PhysicsMaterial-Chaos (B68FC16E-8B1B-42E2-B453-215C058844FE): 1
LogDevObjectVersion:   Dev-CineCamera (B2E18506-4273-CFC2-A54E-F4BB758BBA07): 1
LogDevObjectVersion:   Dev-VirtualProduction (64F58936-FD1B-42BA-BA96-7289D5D0FA4E): 1
LogDevObjectVersion:   UE5-Main (697DD581-E64F-41AB-AA4A-51ECBEB7B628): 123
LogDevObjectVersion:   UE5-Release (D89B5E42-24BD-4D46-8412-ACA8DF641779): 68
LogDevObjectVersion:   UE5-SpecialProject (59DA5D52-1232-4948-B878-597870B8E98B): 9
LogDevObjectVersion:   Dev-MediaFramework (6F0ED827-A609-4895-9C91-998D90180EA4): 2
LogDevObjectVersion:   Dev-NaniteResearch (30D58BE3-95EA-4282-A6E3-B159D8EBB06A): 1
LogInit: Presizing for max 100000 objects, including 0 objects not considered by GC.
LogStreaming: Display: AsyncLoading2 - Created: Async Loading Thread: false, Async Post Load: false, Multithreaded: false
LogInit: Object subsystem initialized
LogConfig: Applying CVar settings from Section [Startup] File [../../../Engine/Config/ConsoleVariables.ini]
LogConfig: CVar [[p.chaos.AllowCreatePhysxBodies:1]] deferred - dummy variable created
LogConfig: CVar [[fx.SkipVectorVMBackendOptimizations:1]] deferred - dummy variable created
LogConfig: Applying CVar settings from Section [Startup_Windows] File [../../../Engine/Config/ConsoleVariables.ini]
LogConfig: Applying CVar settings from Section [ConsoleVariables] File [Engine]
LogConfig: Set CVar [[WindowsApplication.UseWorkerThreadForRawInput:0]]
LogConfig: CVar [[r.PSOPrecache.KeepInMemoryForActiveMaterials:1]] deferred - dummy variable created
[2026.09.28-00.42.43:006][  0]LogInit: Computer: TRYSTAN
[2026.09.28-00.42.43:006][  0]LogInit: User: tryst
[2026.09.28-00.42.43:006][  0]LogInit: CPU Page size=4096, Cores=10
[2026.09.28-00.42.43:006][  0]LogInit: High frequency timer resolution =10.000000 MHz
[2026.09.28-00.42.43:006][  0]LogInit: Gaming Handheld Device: 0
[2026.09.28-00.42.43:023][  0]LogMemory: Process is running as part of a Windows Job with separate resource limits
[2026.09.28-00.42.43:023][  0]LogMemory: Memory total: Physical=31.3GB (32GB approx) Virtual=41.8GB
[2026.09.28-00.42.43:023][  0]LogMemory: Platform Memory Stats for WindowsEditor
[2026.09.28-00.42.43:023][  0]LogMemory: Process Physical Memory: 90.54 MB used, 90.54 MB peak
[2026.09.28-00.42.43:023][  0]LogMemory: Process Virtual Memory: 146.86 MB used, 146.86 MB peak
[2026.09.28-00.42.43:023][  0]LogMemory: Physical Memory: 19012.31 MB used,  13027.54 MB free, 32039.86 MB total
[2026.09.28-00.42.43:023][  0]LogMemory: Virtual Memory: 34496.56 MB used,  8264.66 MB free, 42761.22 MB total
[2026.09.28-00.42.43:029][  0]LogAssetRegistry: ActiveMountsLoading is disabled.
[2026.09.28-00.42.43:029][  0]LogAssetRegistry: FAssetRegistry took 0.0002 seconds to start up
[2026.09.28-00.42.43:030][  0]LogModuleManager: InternalLoadLibrary: 'TelemetryUtils' ('C:/Program Files/Epic Games/UE_5.8/Engine/Binaries/Win64/UnrealPak-TelemetryUtils.dll')
[2026.09.28-00.42.43:030][  0]LogUObjectArray: 877 objects as part of root set at end of initial load.
[2026.09.28-00.42.43:030][  0]LogUObjectArray: CloseDisregardForGC: 0/0 objects in disregard for GC pool
[2026.09.28-00.42.43:031][  0]LogInit: Using OS detected language ().
[2026.09.28-00.42.43:031][  0]LogInit: Using OS detected locale ().
[2026.09.28-00.42.43:031][  0]LogTextLocalizationManager: No localization for '' exists, so 'en' will be used for the language.
[2026.09.28-00.42.43:032][  0]LogTextLocalizationManager: No localization for '' exists, so 'en' will be used for the locale.
[2026.09.28-00.42.43:032][  0]LogInit: Using OS detected language ().
[2026.09.28-00.42.43:032][  0]LogInit: Using OS detected locale ().
[2026.09.28-00.42.43:032][  0]LogTextLocalizationManager: No localization for '' exists, so 'en' will be used for the language.
[2026.09.28-00.42.43:033][  0]LogTextLocalizationManager: No localization for '' exists, so 'en' will be used for the locale.
[2026.09.28-00.42.43:033][  0]LogPakFile: Display: ProjectDir: ../../../../../../Users/tryst/Documents/GitHub/Casse-Brique-UNREAL-ENGINE-/Casse_Brique/
[2026.09.28-00.42.43:033][  0]LogPakFile: Display: Parsing crypto keys from a crypto key cache file
[2026.09.28-00.42.43:033][  0]LogPakFile: Engine only spawned 18 worker threads, bumping up to 19!
[2026.09.28-00.42.43:037][  0]LogPakFile: Display: CompressionFormats in priority order: Oodle, Zlib
[2026.09.28-00.42.43:038][  0]LogZenServiceInstance: Found subprocess environment variable UE-ZenSubprocessDataPath=C:/Users/tryst/AppData/Local/UnrealEngine/Common/Zen/Data
[2026.09.28-00.42.43:041][  0]LogZenServiceInstance: Display: Launching zen utility 'C:/Program Files/Epic Games/UE_5.8/Engine/Binaries/Win64/zen.exe service status'.
[2026.09.28-00.42.43:349][  0]LogZenServiceInstance: Display: Writing plugin version info to 'C:/Users/tryst/AppData/Local/UnrealEngine/Common/Zen/Install/zen_plugin_versions.json'
[2026.09.28-00.42.43:350][  0]LogZenServiceInstance: Display: Read zen version cache file from 'C:/Users/tryst/AppData/Local/UnrealEngine/5.8/Saved/Zen/zen.version', version: '5.8.13-202605190912-windows-x64-release-094f62c2'
[2026.09.28-00.42.43:350][  0]LogZenServiceInstance: InTree version at 'C:/Program Files/Epic Games/UE_5.8/Engine/Binaries/Win64/zenserver.exe' is '5.8.13-202605190912-windows-x64-release-094f62c2'
[2026.09.28-00.42.43:350][  0]LogZenServiceInstance: Display: Read zen version cache file from 'C:/Users/tryst/AppData/Local/UnrealEngine/Common/Zen/Install/zen.version', version: '5.8.13-202605190912-windows-x64-release-094f62c2'
[2026.09.28-00.42.43:350][  0]LogZenServiceInstance: Installed version at 'C:/Users/tryst/AppData/Local/UnrealEngine/Common/Zen/Install/zenserver.exe' is '5.8.13-202605190912-windows-x64-release-094f62c2'
[2026.09.28-00.42.43:350][  0]LogZenServiceInstance: Display: Installed service at 'C:/Users/tryst/AppData/Local/UnrealEngine/Common/Zen/Install/zenserver.exe' is up to date
[2026.09.28-00.42.43:350][  0]LogZenServiceInstance: Found existing instance running on port 8558 matching our settings, no actions needed
[2026.09.28-00.42.44:257][  0]LogZenServiceInstance: Display: Unreal Zen Storage Server HTTP service at http://[::1]:8558 status: OK!.
[2026.09.28-00.42.44:257][  0]LogZenServiceInstance: Local ZenServer AutoLaunch initialization completed in 0.909 seconds
[2026.09.28-00.42.44:257][  0]LogModuleManager: InternalLoadLibrary: 'SSL' ('C:/Program Files/Epic Games/UE_5.8/Engine/Binaries/Win64/UnrealPak-SSL.dll')
[2026.09.28-00.42.44:267][  0]LogZenStore: Display: Opening oplog Casse_Brique.f0d94d47 / Windows
[2026.09.28-00.42.44:281][  0]LogIoStore: Display: Fetched 507 oplog items from Zen in 1.24 seconds
[2026.09.28-00.42.44:286][  0]LogIoStore: Display: Parsed 507 oplog items 0.01 seconds, 3487 chunks
[2026.09.28-00.42.44:290][  0]LogIoStore: Display: Loaded 622 chunk hashes from Zen in 0.00 seconds, 622 hashes updated in 0.00 seconds
[2026.09.28-00.42.44:290][  0]LogPakFile: Display: Oodle enabled on 'NoPluginCompression' files
[2026.09.28-00.42.44:291][  0]LogPakFile: Display: Loading response file C:\Program Files\Epic Games\UE_5.8\Engine\Programs\AutomationTool\Saved\ResponseFiles\PakList_Casse_Brique-Windows.txt
[2026.09.28-00.42.44:303][  0]LogPakFile: Display: Added 1734 entries to add to pak file.
[2026.09.28-00.42.44:303][  0]LogPakFile: Display: Collecting files to add to pak file...
[2026.09.28-00.42.44:309][  0]LogPakFile: Display: Collected 1734 files in 0.01s.
[2026.09.28-00.42.44:310][  0]LogPakFile: Display: Creating pak C:/Users/tryst/Documents/GitHub/Casse-Brique-UNREAL-ENGINE-/Casse_Brique/Saved/StagedBuilds/Windows/Casse_Brique/Content/Paks/Casse_Brique-Windows.pak.
[2026.09.28-00.42.44:428][  0]LogPakFile: Display: Created pak file: C:/Users/tryst/Documents/GitHub/Casse-Brique-UNREAL-ENGINE-/Casse_Brique/Saved/StagedBuilds/Windows/Casse_Brique/Content/Paks/Casse_Brique-Windows.pak
[2026.09.28-00.42.44:434][  0]LogPakFile: Display: CompressionFormat 0 [Oodle] : 404 files, 30094795 -> 9989136 bytes
[2026.09.28-00.42.44:434][  0]LogPakFile: Display: CompressionFormat 2 [None] : 1330 files, 780602 -> 780602 bytes
[2026.09.28-00.42.44:434][  0]LogPakFile: Display: Added 1734 files, 11440155 bytes total
[2026.09.28-00.42.44:434][  0]LogPakFile: Display: PrimaryIndex size: 24286 bytes
[2026.09.28-00.42.44:434][  0]LogPakFile: Display: PathHashIndex size: 54211 bytes
[2026.09.28-00.42.44:434][  0]LogPakFile: Display: FullDirectoryIndex size: 57519 bytes
[2026.09.28-00.42.44:434][  0]LogPakFile: Display: Compression summary: 33.19% of original size. Compressed Size 9989136 bytes, Original Size 30094795 bytes. 
[2026.09.28-00.42.44:434][  0]LogPakFile: Display: Encryption - DISABLED
[2026.09.28-00.42.44:434][  0]LogPakFile: Display: 
[2026.09.28-00.42.44:434][  0]LogPakFile: Display: Writer and Compression Threads exited.
[2026.09.28-00.42.44:435][  0]LogPakFile: Display: UnrealPak executed in 1.402188 seconds
[2026.09.28-00.42.44:439][  0]LogCore: Engine exit requested (reason: UnrealPak Exiting)
[2026.09.28-00.42.44:439][  0]LogExit: Preparing to exit.
[2026.09.28-00.42.44:440][  0]LogExit: Object subsystem successfully closed.
[2026.09.28-00.42.44:442][  0]LogPakFile: Destroying PakPlatformFile
[2026.09.28-00.42.44:443][  0]LogExit: Exiting.
[2026.09.28-00.42.44:448][  0]Log file closed, 09/27/26 20:42:44
